\BOOKMARK [1][-]{section.1}{\376\377\000I\000n\000t\000r\000o\000d\000u\000c\000t\000i\000o\000n}{}% 1
\BOOKMARK [1][-]{section.2}{\376\377\000R\000e\000l\000a\000t\000e\000d\000\040\000W\000o\000r\000k}{}% 2
\BOOKMARK [2][-]{subsection.2.1}{\376\377\000C\000l\000a\000s\000s\000i\000c\000a\000l\000\040\000M\000L\000\040\000f\000o\000r\000\040\000R\000a\000d\000a\000r\000\040\000V\000e\000s\000s\000e\000l\000\040\000C\000l\000a\000s\000s\000i\000f\000i\000c\000a\000t\000i\000o\000n}{section.2}% 3
\BOOKMARK [2][-]{subsection.2.2}{\376\377\000Q\000u\000a\000n\000t\000u\000m\000\040\000M\000L\000\040\000f\000o\000r\000\040\000C\000l\000a\000s\000s\000i\000f\000i\000c\000a\000t\000i\000o\000n}{section.2}% 4
\BOOKMARK [2][-]{subsection.2.3}{\376\377\000Q\000M\000L\000\040\000f\000o\000r\000\040\000M\000a\000r\000i\000t\000i\000m\000e\000\040\000a\000n\000d\000\040\000R\000a\000d\000a\000r\000\040\000C\000l\000a\000s\000s\000i\000f\000i\000c\000a\000t\000i\000o\000n}{section.2}% 5
\BOOKMARK [1][-]{section.3}{\376\377\000Q\000u\000a\000n\000t\000u\000m\000\040\000C\000o\000m\000p\000u\000t\000i\000n\000g\000\040\000B\000a\000c\000k\000g\000r\000o\000u\000n\000d}{}% 6
\BOOKMARK [2][-]{subsection.3.1}{\376\377\000Q\000u\000b\000i\000t\000s\000\040\000a\000n\000d\000\040\000Q\000u\000a\000n\000t\000u\000m\000\040\000G\000a\000t\000e\000s}{section.3}% 7
\BOOKMARK [2][-]{subsection.3.2}{\376\377\000Q\000u\000a\000n\000t\000u\000m\000\040\000M\000e\000a\000s\000u\000r\000e\000m\000e\000n\000t}{section.3}% 8
\BOOKMARK [2][-]{subsection.3.3}{\376\377\000D\000a\000t\000a\000\040\000E\000n\000c\000o\000d\000i\000n\000g\000:\000\040\000A\000n\000g\000l\000e\000\040\000E\000m\000b\000e\000d\000d\000i\000n\000g}{section.3}% 9
\BOOKMARK [1][-]{section.4}{\376\377\000Q\000M\000L\000\040\000M\000o\000d\000e\000l\000\040\000A\000r\000c\000h\000i\000t\000e\000c\000t\000u\000r\000e\000s}{}% 10
\BOOKMARK [2][-]{subsection.4.1}{\376\377\000V\000a\000r\000i\000a\000t\000i\000o\000n\000a\000l\000\040\000Q\000u\000a\000n\000t\000u\000m\000\040\000C\000l\000a\000s\000s\000i\000f\000i\000e\000r\000\040\000\050\000V\000Q\000C\000\051}{section.4}% 11
\BOOKMARK [3][-]{subsubsection.4.1.1}{\376\377\000A\000r\000c\000h\000i\000t\000e\000c\000t\000u\000r\000e}{subsection.4.1}% 12
\BOOKMARK [3][-]{subsubsection.4.1.2}{\376\377\000P\000a\000r\000a\000m\000e\000t\000e\000r\000\040\000C\000o\000u\000n\000t}{subsection.4.1}% 13
\BOOKMARK [3][-]{subsubsection.4.1.3}{\376\377\000T\000r\000a\000i\000n\000i\000n\000g}{subsection.4.1}% 14
\BOOKMARK [2][-]{subsection.4.2}{\376\377\000H\000y\000b\000r\000i\000d\000\040\000Q\000u\000a\000n\000t\000u\000m\040\023\000C\000l\000a\000s\000s\000i\000c\000a\000l\000\040\000N\000e\000u\000r\000a\000l\000\040\000N\000e\000t\000w\000o\000r\000k\000\040\000\050\000H\000Q\000N\000N\000\051}{section.4}% 15
\BOOKMARK [3][-]{subsubsection.4.2.1}{\376\377\000A\000r\000c\000h\000i\000t\000e\000c\000t\000u\000r\000e}{subsection.4.2}% 16
\BOOKMARK [3][-]{subsubsection.4.2.2}{\376\377\000M\000o\000t\000i\000v\000a\000t\000i\000o\000n\000\040\000f\000o\000r\000\040\000H\000y\000b\000r\000i\000d\000\040\000A\000r\000c\000h\000i\000t\000e\000c\000t\000u\000r\000e}{subsection.4.2}% 17
\BOOKMARK [3][-]{subsubsection.4.2.3}{\376\377\000T\000r\000a\000i\000n\000i\000n\000g}{subsection.4.2}% 18
\BOOKMARK [2][-]{subsection.4.3}{\376\377\000Q\000u\000a\000n\000t\000u\000m\000\040\000K\000e\000r\000n\000e\000l\000\040\000E\000s\000t\000i\000m\000a\000t\000i\000o\000n\000\040\000\050\000Q\000K\000E\000\051}{section.4}% 19
\BOOKMARK [3][-]{subsubsection.4.3.1}{\376\377\000Q\000u\000a\000n\000t\000u\000m\000\040\000K\000e\000r\000n\000e\000l}{subsection.4.3}% 20
\BOOKMARK [3][-]{subsubsection.4.3.2}{\376\377\000C\000o\000m\000p\000u\000t\000a\000t\000i\000o\000n\000a\000l\000\040\000C\000o\000m\000p\000l\000e\000x\000i\000t\000y}{subsection.4.3}% 21
\BOOKMARK [3][-]{subsubsection.4.3.3}{\376\377\000T\000h\000e\000o\000r\000e\000t\000i\000c\000a\000l\000\040\000A\000d\000v\000a\000n\000t\000a\000g\000e}{subsection.4.3}% 22
\BOOKMARK [1][-]{section.5}{\376\377\000E\000n\000s\000e\000m\000b\000l\000e\000:\000\040\000V\000Q\000C\000\040\000+\000\040\000H\000Q\000N\000N\000\040\000+\000\040\000G\000B\000T}{}% 23
\BOOKMARK [1][-]{section.6}{\376\377\000R\000e\000s\000u\000l\000t\000s}{}% 24
\BOOKMARK [2][-]{subsection.6.1}{\376\377\000O\000v\000e\000r\000a\000l\000l\000\040\000P\000e\000r\000f\000o\000r\000m\000a\000n\000c\000e}{section.6}% 25
\BOOKMARK [2][-]{subsection.6.2}{\376\377\000C\000a\000r\000g\000o\000\040\000v\000s\000.\000\040\000T\000a\000n\000k\000e\000r\000:\000\040\000C\000l\000a\000s\000s\000-\000L\000e\000v\000e\000l\000\040\000D\000e\000e\000p\000\040\000D\000i\000v\000e}{section.6}% 26
\BOOKMARK [2][-]{subsection.6.3}{\376\377\000L\000e\000a\000r\000n\000i\000n\000g\000\040\000C\000u\000r\000v\000e\000s}{section.6}% 27
\BOOKMARK [2][-]{subsection.6.4}{\376\377\000C\000o\000n\000f\000i\000d\000e\000n\000c\000e\000\040\000C\000a\000l\000i\000b\000r\000a\000t\000i\000o\000n\000\040\000\050\000E\000C\000E\000\051}{section.6}% 28
\BOOKMARK [1][-]{section.7}{\376\377\000W\000h\000e\000n\000\040\000D\000o\000e\000s\000\040\000Q\000M\000L\000\040\000H\000e\000l\000p\000?}{}% 29
\BOOKMARK [2][-]{subsection.7.1}{\376\377\000T\000h\000e\000o\000r\000e\000t\000i\000c\000a\000l\000\040\000C\000o\000n\000d\000i\000t\000i\000o\000n\000s\000\040\000f\000o\000r\000\040\000Q\000u\000a\000n\000t\000u\000m\000\040\000A\000d\000v\000a\000n\000t\000a\000g\000e}{section.7}% 30
\BOOKMARK [2][-]{subsection.7.2}{\376\377\000A\000n\000a\000l\000y\000s\000i\000s\000\040\000f\000o\000r\000\040\000t\000h\000e\000\040\000R\000a\000d\000a\000r\000\040\000C\000l\000a\000s\000s\000i\000f\000i\000c\000a\000t\000i\000o\000n\000\040\000P\000r\000o\000b\000l\000e\000m}{section.7}% 31
\BOOKMARK [2][-]{subsection.7.3}{\376\377\000O\000b\000s\000e\000r\000v\000e\000d\000\040\000Q\000M\000L\000\040\000B\000e\000h\000a\000v\000i\000o\000u\000r}{section.7}% 32
\BOOKMARK [1][-]{section.8}{\376\377\000V\0002\000\040\000E\000x\000p\000e\000r\000i\000m\000e\000n\000t\000s\000:\000\040\000P\000r\000o\000b\000i\000n\000g\000\040\000t\000h\000e\000\040\000B\000o\000u\000n\000d\000a\000r\000i\000e\000s\000\040\000o\000f\000\040\000Q\000M\000L\000\040\000A\000d\000v\000a\000n\000t\000a\000g\000e}{}% 33
\BOOKMARK [2][-]{subsection.8.1}{\376\377\000E\000x\000p\000e\000r\000i\000m\000e\000n\000t\000\040\0001\000\040\040\024\000\040\000D\000a\000t\000a\000\040\000E\000f\000f\000i\000c\000i\000e\000n\000c\000y\000\040\000\050\0001\0000\0000\000\040\000S\000a\000m\000p\000l\000e\000s\000/\000C\000l\000a\000s\000s\000\051}{section.8}% 34
\BOOKMARK [2][-]{subsection.8.2}{\376\377\000E\000x\000p\000e\000r\000i\000m\000e\000n\000t\000\040\0002\000\040\040\024\000\040\000C\000i\000r\000c\000u\000i\000t\000\040\000D\000e\000p\000t\000h\000:\000\040\0008\000\040\000Q\000u\000b\000i\000t\000s\000,\000\040\0004\000\040\000L\000a\000y\000e\000r\000s}{section.8}% 35
\BOOKMARK [2][-]{subsection.8.3}{\376\377\000E\000x\000p\000e\000r\000i\000m\000e\000n\000t\000\040\0003\000\040\040\024\000\040\000Q\000u\000a\000n\000t\000u\000m\000\040\000K\000e\000r\000n\000e\000l\000\040\000E\000s\000t\000i\000m\000a\000t\000i\000o\000n\000\040\000\050\000Q\000K\000E\000\051}{section.8}% 36
\BOOKMARK [1][-]{section.9}{\376\377\000D\000i\000s\000c\000u\000s\000s\000i\000o\000n}{}% 37
\BOOKMARK [2][-]{subsection.9.1}{\376\377\000Q\000M\000L\000\040\000v\000s\000.\000\040\000C\000l\000a\000s\000s\000i\000c\000a\000l\000:\000\040\000T\000h\000e\000\040\000C\000o\000r\000e\000\040\000T\000r\000a\000d\000e\000-\000o\000f\000f}{section.9}% 38
\BOOKMARK [2][-]{subsection.9.2}{\376\377\000B\000a\000r\000r\000e\000n\000\040\000P\000l\000a\000t\000e\000a\000u\000\040\000P\000r\000o\000b\000l\000e\000m}{section.9}% 39
\BOOKMARK [2][-]{subsection.9.3}{\376\377\000S\000i\000m\000u\000l\000a\000t\000o\000r\000\040\000v\000s\000.\000\040\000R\000e\000a\000l\000\040\000Q\000u\000a\000n\000t\000u\000m\000\040\000H\000a\000r\000d\000w\000a\000r\000e}{section.9}% 40
\BOOKMARK [1][-]{section.10}{\376\377\000C\000o\000n\000c\000l\000u\000s\000i\000o\000n}{}% 41
\BOOKMARK [1][-]{section*.10}{\376\377\000R\000e\000f\000e\000r\000e\000n\000c\000e\000s}{}% 42
