\BOOKMARK [1][-]{section.1}{\376\377\000I\000n\000t\000r\000o\000d\000u\000c\000t\000i\000o\000n}{}% 1
\BOOKMARK [1][-]{section.2}{\376\377\000R\000e\000l\000a\000t\000e\000d\000\040\000W\000o\000r\000k}{}% 2
\BOOKMARK [2][-]{subsection.2.1}{\376\377\000M\000a\000r\000i\000t\000i\000m\000e\000\040\000V\000e\000s\000s\000e\000l\000\040\000C\000l\000a\000s\000s\000i\000f\000i\000c\000a\000t\000i\000o\000n\000\040\000f\000r\000o\000m\000\040\000R\000a\000d\000a\000r}{section.2}% 3
\BOOKMARK [2][-]{subsection.2.2}{\376\377\000I\000n\000v\000a\000r\000i\000a\000n\000t\000\040\000F\000e\000a\000t\000u\000r\000e\000\040\000D\000e\000r\000i\000v\000a\000t\000i\000o\000n\000\040\000f\000o\000r\000\040\000R\000a\000d\000a\000r\000\040\000C\000l\000a\000s\000s\000i\000f\000i\000c\000a\000t\000i\000o\000n}{section.2}% 4
\BOOKMARK [1][-]{section.3}{\376\377\000R\000a\000d\000a\000r\000\040\000M\000e\000a\000s\000u\000r\000e\000m\000e\000n\000t\000\040\000F\000u\000n\000d\000a\000m\000e\000n\000t\000a\000l\000s}{}% 5
\BOOKMARK [2][-]{subsection.3.1}{\376\377\000T\000h\000e\000\040\000R\000a\000d\000a\000r\000\040\000M\000e\000a\000s\000u\000r\000e\000m\000e\000n\000t\000\040\000M\000o\000d\000e\000l}{section.3}% 6
\BOOKMARK [2][-]{subsection.3.2}{\376\377\000P\000l\000o\000t\000\040\000F\000o\000r\000m\000a\000t\000i\000o\000n}{section.3}% 7
\BOOKMARK [1][-]{section.4}{\376\377\000F\000e\000a\000t\000u\000r\000e\000-\000b\000y\000-\000F\000e\000a\000t\000u\000r\000e\000\040\000P\000h\000y\000s\000i\000c\000a\000l\000\040\000A\000n\000a\000l\000y\000s\000i\000s}{}% 8
\BOOKMARK [2][-]{subsection.4.1}{\376\377\000P\000o\000s\000i\000t\000i\000o\000n\000a\000l\000\040\000F\000e\000a\000t\000u\000r\000e\000s}{section.4}% 9
\BOOKMARK [3][-]{subsubsection.4.1.1}{\376\377\000A\000z\000i\000m\000u\000t\000h\000\040\000\050\000,\000\040\000r\000a\000d\000i\000a\000n\000s\000\051}{subsection.4.1}% 10
\BOOKMARK [3][-]{subsubsection.4.1.2}{\376\377\000R\000a\000n\000g\000e\000\040\000\050\000r\000,\000\040\000m\000e\000t\000r\000e\000s\000\051}{subsection.4.1}% 11
\BOOKMARK [2][-]{subsection.4.2}{\376\377\000A\000m\000p\000l\000i\000t\000u\000d\000e\000\040\000F\000e\000a\000t\000u\000r\000e\000s}{section.4}% 12
\BOOKMARK [3][-]{subsubsection.4.2.1}{\376\377\000P\000e\000a\000k\000A\000m\000p\000l\000i\000t\000u\000d\000e}{subsection.4.2}% 13
\BOOKMARK [3][-]{subsubsection.4.2.2}{\376\377\000T\000o\000t\000a\000l\000A\000m\000p\000l\000i\000t\000u\000d\000e}{subsection.4.2}% 14
\BOOKMARK [3][-]{subsubsection.4.2.3}{\376\377\000R\000a\000n\000g\000e\000-\000C\000o\000r\000r\000e\000c\000t\000e\000d\000\040\000A\000m\000p\000l\000i\000t\000u\000d\000e\000s}{subsection.4.2}% 15
\BOOKMARK [2][-]{subsection.4.3}{\376\377\000S\000p\000a\000t\000i\000a\000l\000\040\000E\000x\000t\000e\000n\000t\000\040\000F\000e\000a\000t\000u\000r\000e\000s}{section.4}% 16
\BOOKMARK [3][-]{subsubsection.4.3.1}{\376\377\000D\000o\000w\000n\000-\000R\000a\000n\000g\000e\000\040\000E\000x\000t\000e\000n\000t\000\040\000\050\000r\000g\000w\000\040\000/\000\040\000d\000o\000w\000n\000\137\000r\000a\000n\000g\000e\000\137\000e\000x\000t\000e\000n\000t\000\051}{subsection.4.3}% 17
\BOOKMARK [3][-]{subsubsection.4.3.2}{\376\377\000C\000r\000o\000s\000s\000-\000R\000a\000n\000g\000e\000\040\000E\000x\000t\000e\000n\000t\000\040\000\050\000a\000z\000w\000\040\000/\000\040\000c\000r\000o\000s\000s\000\137\000r\000a\000n\000g\000e\000\137\000e\000x\000t\000e\000n\000t\000\051}{subsection.4.3}% 18
\BOOKMARK [3][-]{subsubsection.4.3.3}{\376\377\000P\000h\000y\000s\000i\000c\000a\000l\000\040\000C\000r\000o\000s\000s\000-\000R\000a\000n\000g\000e\000\040\000E\000x\000t\000e\000n\000t\000\040\000\050\000a\000z\000\137\000e\000x\000t\000e\000n\000t\000\137\000m\000\051\000\040\040\024\000\040\000K\000e\000y\000\040\000F\000e\000a\000t\000u\000r\000e}{subsection.4.3}% 19
\BOOKMARK [3][-]{subsubsection.4.3.4}{\376\377\000W\000h\000y\000\040\000e\000u\000c\000l\000i\000d\000\137\000s\000i\000z\000e\000\040\000\040\000r\000g\000w\000\040\000i\000n\000\040\000T\000h\000i\000s\000\040\000D\000a\000t\000a\000s\000e\000t}{subsection.4.3}% 20
\BOOKMARK [3][-]{subsubsection.4.3.5}{\376\377\000W\000h\000y\000\040\000e\000l\000l\000i\000p\000s\000e\000\137\000a\000r\000e\000a\000\040\0000\000\040\000i\000n\000\040\000T\000h\000i\000s\000\040\000D\000a\000t\000a\000s\000e\000t}{subsection.4.3}% 21
\BOOKMARK [3][-]{subsubsection.4.3.6}{\376\377\000S\000h\000a\000p\000e\000\040\000R\000a\000t\000i\000o\000\040\000\050\000c\000r\000\137\000d\000r\000\137\000r\000a\000t\000i\000o\000\051}{subsection.4.3}% 22
\BOOKMARK [3][-]{subsubsection.4.3.7}{\376\377\000A\000s\000p\000e\000c\000t\000-\000D\000e\000c\000o\000m\000p\000o\000s\000e\000d\000\040\000S\000i\000z\000e\000\040\000C\000o\000m\000p\000o\000n\000e\000n\000t\000s}{subsection.4.3}% 23
\BOOKMARK [2][-]{subsection.4.4}{\376\377\000M\000o\000t\000i\000o\000n\000\040\000F\000e\000a\000t\000u\000r\000e\000s}{section.4}% 24
\BOOKMARK [3][-]{subsubsection.4.4.1}{\376\377\000R\000a\000d\000a\000r\000\040\000S\000p\000e\000e\000d\000\040\000O\000v\000e\000r\000\040\000G\000r\000o\000u\000n\000d\000\040\000\050\000R\000S\000o\000g\000,\000\040\000k\000n\000o\000t\000s\000\051}{subsection.4.4}% 25
\BOOKMARK [3][-]{subsubsection.4.4.2}{\376\377\000R\000a\000d\000a\000r\000\040\000C\000o\000u\000r\000s\000e\000\040\000O\000v\000e\000r\000\040\000G\000r\000o\000u\000n\000d\000\040\000\050\000R\000C\000o\000g\000,\000\040\000r\000a\000d\000i\000a\000n\000s\000\051}{subsection.4.4}% 26
\BOOKMARK [2][-]{subsection.4.5}{\376\377\000A\000s\000p\000e\000c\000t\000\040\000A\000n\000g\000l\000e\000\040\000F\000e\000a\000t\000u\000r\000e\000s}{section.4}% 27
\BOOKMARK [2][-]{subsection.4.6}{\376\377\000T\000e\000m\000p\000o\000r\000a\000l\000\040\000R\000o\000l\000l\000i\000n\000g\000\040\000S\000t\000a\000t\000i\000s\000t\000i\000c\000s}{section.4}% 28
\BOOKMARK [1][-]{section.5}{\376\377\000S\000t\000a\000t\000i\000s\000t\000i\000c\000a\000l\000\040\000S\000e\000p\000a\000r\000a\000b\000i\000l\000i\000t\000y\000\040\000A\000n\000a\000l\000y\000s\000i\000s}{}% 29
\BOOKMARK [2][-]{subsection.5.1}{\376\377\000C\000o\000h\000e\000n\000'\000s\000\040\000d}{section.5}% 30
\BOOKMARK [2][-]{subsection.5.2}{\376\377\000R\000e\000s\000u\000l\000t\000s\000\040\000f\000o\000r\000\040\000C\000a\000r\000g\000o\000\040\000\050\0007\0000\000\051\000\040\000v\000s\000.\000\040\000T\000a\000n\000k\000e\000r\000\040\000\050\0008\0000\000\051}{section.5}% 31
\BOOKMARK [2][-]{subsection.5.3}{\376\377\000R\000e\000s\000u\000l\000t\000s\000\040\000A\000c\000r\000o\000s\000s\000\040\000A\000l\000l\000\040\000C\000l\000a\000s\000s\000\040\000P\000a\000i\000r\000s}{section.5}% 32
\BOOKMARK [1][-]{section.6}{\376\377\000S\000e\000l\000e\000c\000t\000e\000d\000\040\000F\000e\000a\000t\000u\000r\000e\000\040\000S\000e\000t}{}% 33
\BOOKMARK [1][-]{section.7}{\376\377\000C\000o\000n\000c\000l\000u\000s\000i\000o\000n}{}% 34
\BOOKMARK [1][-]{section*.9}{\376\377\000R\000e\000f\000e\000r\000e\000n\000c\000e\000s}{}% 35
